../Core/Src/main.c:109:6:compareString	16	static
../Core/Src/main.c:120:6:numberToChar	24	static
../Core/Src/main.c:128:9:PI_Controller	48	static
../Core/Src/main.c:196:6:readInfraredSensor	8	static
../Core/Src/main.c:205:6:readUltrasonicSensor	16	static
../Core/Src/main.c:223:6:transmitData	24	static
../Core/Src/main.c:231:6:processDataReceived	8	static
../Core/Src/main.c:241:6:HAL_UART_RxCpltCallback	16	static
../Core/Src/main.c:262:6:HAL_GPIO_EXTI_Callback	16	static
../Core/Src/main.c:275:9:controlVelocityM1	32	static
../Core/Src/main.c:296:9:controlVelocityM2	32	static
../Core/Src/main.c:317:6:HAL_TIM_PeriodElapsedCallback	16	static
../Core/Src/main.c:378:6:runM1	16	static
../Core/Src/main.c:404:6:runM2	16	static
../Core/Src/main.c:436:5:main	8	static
../Core/Src/main.c:490:6:SystemClock_Config	96	static
../Core/Src/main.c:545:13:MX_TIM2_Init	48	static
../Core/Src/main.c:598:13:MX_TIM6_Init	24	static
../Core/Src/main.c:636:13:MX_TIM7_Init	24	static
../Core/Src/main.c:674:13:MX_USART2_UART_Init	8	static
../Core/Src/main.c:707:13:MX_DMA_Init	16	static
../Core/Src/main.c:725:13:MX_GPIO_Init	40	static
../Core/Src/main.c:793:6:Error_Handler	4	static,ignoring_inline_asm
